[site371602.nicepage.io/indexfb8e.html]
[backblue.gif]
[fade.gif]
[index.html]
[site371602.nicepage.io/nicepage.css]
[site371602.nicepage.io/ANASAYFA.css]
[images01.nicepage.com/da5e11d9641d4596349936b1/de9b6896bbd45b59be15ec1d/d1fb3d01-3392-45ac-a984-f578df546e26.png]
[capp.nicepage.com/1eb2dcd2714488c0ef25b6236e5b3262eff266b3/nicepage.js]
[capp.nicepage.com/assets/jquery-1.9.1.min.js]
[site371602.nicepage.io/indexfb8e.html]
[site371602.nicepage.io/nicepage.css]
[images01.nicepage.com/da5e11d9641d4596349936b1/e9bb158893245bb38e52c779/2c23c474-70dd-4e06-b6f4-70cc174bf0ef.jpg]
[site371602.nicepage.io/ANASAYFA.html]
[images01.nicepage.com/da5e11d9641d4596349936b1/88fd8d8f8397537d9149bfdf/e7b51674-3ae4-4e9f-91cc-2476c749fc32.jpg]
[images01.nicepage.com/da5e11d9641d4596349936b1/f481287b183d5abc8998fc0d/bca65ae7-7895-47df-bfdf-a31a5ec2f4bd.jpg]
[site371602.nicepage.io/ANASAYFA.css]
[capp.nicepage.com/1eb2dcd2714488c0ef25b6236e5b3262eff266b3/nicepage.js]
[site371602.nicepage.io/ANASAYFA.html]
[site371602.nicepage.io/Content/BundledScripts/index.html]
[site371602.nicepage.io/ABCDEFGHIJKLMNOPQRSTUVWXYZabcdefghijklmnopqrstuvwxyz0123456789+/index.html]
[site371602.nicepage.io/Content/BundledScripts/nicepage.html]
[site371602.nicepage.io/Content/BundledScripts/index.html]
[site371602.nicepage.io/Content/BundledScripts/404.html]
[site371602.nicepage.io/ABCDEFGHIJKLMNOPQRSTUVWXYZabcdefghijklmnopqrstuvwxyz0123456789+/nicepage.html]
[site371602.nicepage.io/ABCDEFGHIJKLMNOPQRSTUVWXYZabcdefghijklmnopqrstuvwxyz0123456789+/index.html]
[site371602.nicepage.io/Content/BundledScripts/nicepage.html]
[site371602.nicepage.io/Content/BundledScripts/404.html]
[site371602.nicepage.io/ABCDEFGHIJKLMNOPQRSTUVWXYZabcdefghijklmnopqrstuvwxyz0123456789+/nicepage.html]
[site371602.nicepage.io/ABCDEFGHIJKLMNOPQRSTUVWXYZabcdefghijklmnopqrstuvwxyz0123456789+/404.html]
[site371602.nicepage.io/ABCDEFGHIJKLMNOPQRSTUVWXYZabcdefghijklmnopqrstuvwxyz0123456789+/404.html]
